(Foo, 1, 1) => name: Foo, sell_in: 0, quality: 0

